// Jest Snapshot v1, https://goo.gl/fbAQLP

exports[`renders correctly 1`] = `
<View
  collapsable={true}
  pointerEvents="box-none"
  style={
    Object {
      "flex": 1,
    }
  }
>
  <View
    style={
      Object {
        "flex": 1,
      }
    }
  >
    <RNCSafeAreaView
      style={
        Object {
          "flex": 1,
        }
      }
    >
      <View
        style={
          Object {
            "flex": 1,
            "overflow": "hidden",
          }
        }
      >
        <View
          pointerEvents="box-none"
          style={
            Object {
              "bottom": 0,
              "left": 0,
              "position": "absolute",
              "right": 0,
              "top": 0,
            }
          }
        >
          <View
            accessibilityElementsHidden={false}
            closing={false}
            gestureVelocityImpact={0.3}
            importantForAccessibility="auto"
            pointerEvents="box-none"
            style={
              Object {
                "bottom": 0,
                "left": 0,
                "position": "absolute",
                "right": 0,
                "top": 0,
              }
            }
            transitionSpec={
              Object {
                "close": Object {
                  "animation": "spring",
                  "config": Object {
                    "damping": 500,
                    "mass": 3,
                    "overshootClamping": true,
                    "restDisplacementThreshold": 0.01,
                    "restSpeedThreshold": 0.01,
                    "stiffness": 1000,
                  },
                },
                "open": Object {
                  "animation": "spring",
                  "config": Object {
                    "damping": 500,
                    "mass": 3,
                    "overshootClamping": true,
                    "restDisplacementThreshold": 0.01,
                    "restSpeedThreshold": 0.01,
                    "stiffness": 1000,
                  },
                },
              }
            }
          >
            <View
              pointerEvents="box-none"
              style={
                Object {
                  "flex": 1,
                  "marginTop": 64,
                }
              }
            >
              <View
                collapsable={false}
                style={
                  Object {
                    "flex": 1,
                    "transform": Array [
                      Object {
                        "translateX": 0,
                      },
                      Object {
                        "translateX": 0,
                      },
                    ],
                  }
                }
              >
                <View
                  pointerEvents="none"
                  style={
                    Object {
                      "backgroundColor": "#fff",
                      "bottom": 0,
                      "left": 0,
                      "position": "absolute",
                      "shadowColor": "#000",
                      "shadowOffset": Object {
                        "height": 1,
                        "width": -1,
                      },
                      "shadowOpacity": 0.3,
                      "shadowRadius": 5,
                      "top": 0,
                      "width": 3,
                    }
                  }
                />
                <View
                  style={
                    Array [
                      Object {
                        "flex": 1,
                        "overflow": "hidden",
                      },
                      Array [
                        Object {
                          "backgroundColor": "rgb(242, 242, 242)",
                        },
                        undefined,
                      ],
                    ]
                  }
                >
                  <View
                    style={
                      Object {
                        "flex": 1,
                        "flexDirection": "column-reverse",
                      }
                    }
                  >
                    <View
                      style={
                        Object {
                          "flex": 1,
                        }
                      }
                    >
                      <View
                        style={
                          Object {
                            "flex": 1,
                            "overflow": "hidden",
                          }
                        }
                      >
                        <View
                          style={
                            Object {
                              "flex": 1,
                            }
                          }
                        >
                          <View
                            collapsable={false}
                            pointerEvents="auto"
                            removeClippedSubviews={false}
                            style={
                              Array [
                                Object {
                                  "flex": 1,
                                  "overflow": "hidden",
                                },
                                Object {
                                  "bottom": 0,
                                  "left": 0,
                                  "position": "absolute",
                                  "right": 0,
                                  "top": 0,
                                },
                                Object {
                                  "opacity": 1,
                                },
                              ]
                            }
                          >
                            <View
                              style={
                                Object {
                                  "flex": 1,
                                }
                              }
                            >
                              <View
                                accessibilityElementsHidden={false}
                                importantForAccessibility="auto"
                                style={
                                  Array [
                                    Object {
                                      "flex": 1,
                                    },
                                    Object {
                                      "backgroundColor": "rgb(242, 242, 242)",
                                    },
                                  ]
                                }
                              >
                                <View
                                  style={
                                    Array [
                                      Object {
                                        "backgroundColor": "#151314",
                                        "flex": 1,
                                        "height": "100%",
                                        "width": "100%",
                                      },
                                      Object {},
                                      undefined,
                                    ]
                                  }
                                >
                                  <View
                                    style={
                                      Object {
                                        "backgroundColor": "#151314",
                                        "flex": 1,
                                      }
                                    }
                                  >
                                    <ScrollView
                                      contentContainerStyle={
                                        Object {
                                          "paddingBottom": 12,
                                          "paddingLeft": 7,
                                          "paddingRight": 7,
                                          "paddingTop": 207,
                                        }
                                      }
                                      refreshControl={
                                        <RefreshControl
                                          colors={
                                            Array [
                                              "#e5eaea",
                                            ]
                                          }
                                          onRefresh={[Function]}
                                          progressBackgroundColor="#232323"
                                          progressViewOffset={183}
                                          refreshing={false}
                                          title="Refreshing"
                                        />
                                      }
                                      scrollEventThrottle={16}
                                    >
                                      <Text
                                        style={
                                          Array [
                                            Object {
                                              "color": "#000",
                                              "fontFamily": "System",
                                              "fontSize": 16,
                                            },
                                            Object {
                                              "margin": 16,
                                              "textAlign": "center",
                                            },
                                          ]
                                        }
                                        uppercase={false}
                                      >
                                        No transactions yet
                                      </Text>
                                    </ScrollView>
                                    <View
                                      pointerEvents="box-none"
                                      style={
                                        Object {
                                          "alignItems": "center",
                                          "borderBottomColor": "#1F1F1F",
                                          "borderBottomWidth": 1,
                                          "height": 195,
                                          "justifyContent": "center",
                                          "left": 0,
                                          "position": "absolute",
                                          "right": 0,
                                          "top": 0,
                                        }
                                      }
                                    >
                                      <BVLinearGradient
                                        colors={
                                          Array [
                                            4287072135,
                                            4284440415,
                                          ]
                                        }
                                        endPoint={
                                          Object {
                                            "x": 0.5,
                                            "y": 1,
                                          }
                                        }
                                        locations={null}
                                        pointerEvents="box-none"
                                        startPoint={
                                          Object {
                                            "x": 0.5,
                                            "y": 0,
                                          }
                                        }
                                        style={
                                          Object {
                                            "alignItems": "center",
                                            "flex": 1,
                                            "height": "100%",
                                            "justifyContent": "center",
                                            "width": "100%",
                                          }
                                        }
                                      >
                                        <View
                                          style={
                                            Object {
                                              "bottom": 0,
                                              "left": 0,
                                              "position": "absolute",
                                              "right": 0,
                                              "top": 0,
                                            }
                                          }
                                        >
                                          <Text
                                            allowFontScaling={false}
                                            style={
                                              Array [
                                                Object {
                                                  "color": undefined,
                                                  "fontSize": 12,
                                                },
                                                Array [
                                                  Object {
                                                    "color": "#000",
                                                    "fontSize": 30,
                                                  },
                                                  Object {
                                                    "color": "#000",
                                                    "fontSize": 30,
                                                  },
                                                  Object {
                                                    "color": "#e5eaea",
                                                    "fontSize": 25,
                                                    "left": 8,
                                                    "padding": 4,
                                                    "paddingRight": 8,
                                                    "position": "absolute",
                                                    "top": 54,
                                                  },
                                                ],
                                                Object {
                                                  "fontFamily": "FontAwesome",
                                                  "fontStyle": "normal",
                                                  "fontWeight": "normal",
                                                },
                                                Object {},
                                              ]
                                            }
                                            type="FontAwesome"
                                          >
                                            
                                          </Text>
                                          <Text
                                            allowFontScaling={false}
                                            style={
                                              Array [
                                                Object {
                                                  "color": undefined,
                                                  "fontSize": 12,
                                                },
                                                Array [
                                                  Object {
                                                    "color": "#000",
                                                    "fontSize": 30,
                                                  },
                                                  Object {
                                                    "color": "#000",
                                                    "fontSize": 30,
                                                  },
                                                  Object {
                                                    "color": "#e5eaea",
                                                    "fontSize": 28,
                                                    "left": 41,
                                                    "padding": 4,
                                                    "paddingRight": 8,
                                                    "position": "absolute",
                                                    "top": 54,
                                                  },
                                                ],
                                                Object {
                                                  "fontFamily": "Entypo",
                                                  "fontStyle": "normal",
                                                  "fontWeight": "normal",
                                                },
                                                Object {},
                                              ]
                                            }
                                            type="Entypo"
                                          >
                                            
                                          </Text>
                                          <Text
                                            allowFontScaling={false}
                                            style={
                                              Array [
                                                Object {
                                                  "color": undefined,
                                                  "fontSize": 12,
                                                },
                                                Array [
                                                  Object {
                                                    "color": "#000",
                                                    "fontSize": 30,
                                                  },
                                                  Object {
                                                    "color": "#000",
                                                    "fontSize": 30,
                                                  },
                                                  Object {
                                                    "color": "#e5eaea",
                                                    "fontSize": 27,
                                                    "padding": 4,
                                                    "position": "absolute",
                                                    "right": 8,
                                                    "top": 55,
                                                  },
                                                ],
                                                Object {
                                                  "fontFamily": "anticon",
                                                  "fontStyle": "normal",
                                                  "fontWeight": "normal",
                                                },
                                                Object {},
                                              ]
                                            }
                                            type="AntDesign"
                                          >
                                            
                                          </Text>
                                          <Text
                                            allowFontScaling={false}
                                            style={
                                              Array [
                                                Object {
                                                  "color": undefined,
                                                  "fontSize": 12,
                                                },
                                                Array [
                                                  Object {
                                                    "color": "#000",
                                                    "fontSize": 30,
                                                  },
                                                  Object {
                                                    "color": "#000",
                                                    "fontSize": 30,
                                                  },
                                                  Object {
                                                    "color": "#e5eaea",
                                                    "fontSize": 27,
                                                    "padding": 4,
                                                    "position": "absolute",
                                                    "right": 47,
                                                    "top": 55,
                                                  },
                                                ],
                                                Object {
                                                  "fontFamily": "Ionicons",
                                                  "fontStyle": "normal",
                                                  "fontWeight": "normal",
                                                },
                                                Object {},
                                              ]
                                            }
                                          >
                                            
                                          </Text>
                                        </View>
                                        <Text
                                          style={
                                            Object {
                                              "color": "#e5eaea",
                                              "fontFamily": "System",
                                              "fontSize": 37,
                                              "marginBottom": 2,
                                              "marginTop": 72,
                                            }
                                          }
                                        >
                                          0.00000123 ₿
                                        </Text>
                                        <Text
                                          style={
                                            Object {
                                              "color": "#e5eaea",
                                              "fontFamily": "System",
                                              "fontSize": 18,
                                              "opacity": 1,
                                            }
                                          }
                                        >
                                          0.00 USD
                                        </Text>
                                      </BVLinearGradient>
                                    </View>
                                  </View>
                                </View>
                              </View>
                            </View>
                          </View>
                        </View>
                        <View
                          style={
                            Object {
                              "backgroundColor": "#F8F8F8",
                              "borderColor": "#cbcbcb",
                              "borderTopWidth": 0.5,
                              "elevation": 3,
                              "flexDirection": "row",
                              "height": 55,
                              "justifyContent": "center",
                              "left": 0,
                              "paddingBottom": 0,
                              "right": 0,
                            }
                          }
                        >
                          <View
                            style={
                              Object {
                                "alignSelf": "stretch",
                                "backgroundColor": undefined,
                                "flex": 1,
                                "flexDirection": "row",
                                "justifyContent": "space-between",
                              }
                            }
                          >
                            <TouchableOpacity
                              activeOpacity={0.5}
                              style={
                                Object {
                                  "alignItems": "center",
                                  "alignSelf": "center",
                                  "backgroundColor": "transparent",
                                  "borderBottomWidth": null,
                                  "borderColor": null,
                                  "borderLeftWidth": null,
                                  "borderRadius": 5,
                                  "borderRightWidth": null,
                                  "borderTopWidth": null,
                                  "borderWidth": undefined,
                                  "elevation": 0,
                                  "flex": 1,
                                  "flexDirection": null,
                                  "height": 55,
                                  "justifyContent": "center",
                                  "paddingBottom": 6,
                                  "paddingTop": 6,
                                  "shadowColor": null,
                                  "shadowOffset": null,
                                  "shadowOpacity": null,
                                  "shadowRadius": null,
                                }
                              }
                            >
                              <Text
                                allowFontScaling={false}
                                style={
                                  Array [
                                    Object {
                                      "color": undefined,
                                      "fontSize": 12,
                                    },
                                    Array [
                                      Object {
                                        "color": "#000",
                                        "fontSize": 30,
                                      },
                                      Object {
                                        "color": "#6b6b6b",
                                        "fontSize": 24,
                                        "marginLeft": 16,
                                        "marginRight": 16,
                                        "paddingTop": 2,
                                      },
                                    ],
                                    Object {
                                      "fontFamily": "anticon",
                                      "fontStyle": "normal",
                                      "fontWeight": "normal",
                                    },
                                    Object {},
                                  ]
                                }
                                type="AntDesign"
                              >
                                
                              </Text>
                              <Text
                                style={
                                  Object {
                                    "backgroundColor": "transparent",
                                    "color": "#6b6b6b",
                                    "fontFamily": "System",
                                    "fontSize": 14,
                                    "lineHeight": 16,
                                    "marginLeft": 0,
                                    "marginRight": 0,
                                    "paddingLeft": 16,
                                    "paddingRight": 16,
                                  }
                                }
                                uppercase={false}
                              >
                                Receive
                              </Text>
                            </TouchableOpacity>
                          </View>
                          <View
                            style={
                              Object {
                                "alignSelf": "stretch",
                                "backgroundColor": undefined,
                                "flex": 1,
                                "flexDirection": "row",
                                "justifyContent": "space-between",
                              }
                            }
                          >
                            <TouchableOpacity
                              activeOpacity={0.5}
                              style={
                                Object {
                                  "alignItems": "center",
                                  "alignSelf": "center",
                                  "backgroundColor": "transparent",
                                  "borderBottomWidth": null,
                                  "borderColor": null,
                                  "borderLeftWidth": null,
                                  "borderRadius": 5,
                                  "borderRightWidth": null,
                                  "borderTopWidth": null,
                                  "borderWidth": undefined,
                                  "elevation": 0,
                                  "flex": 1,
                                  "flexDirection": null,
                                  "height": 55,
                                  "justifyContent": "center",
                                  "paddingBottom": 6,
                                  "paddingTop": 6,
                                  "shadowColor": null,
                                  "shadowOffset": null,
                                  "shadowOpacity": null,
                                  "shadowRadius": null,
                                }
                              }
                            >
                              <Text
                                allowFontScaling={false}
                                style={
                                  Array [
                                    Object {
                                      "color": undefined,
                                      "fontSize": 12,
                                    },
                                    Array [
                                      Object {
                                        "color": "#000",
                                        "fontSize": 30,
                                      },
                                      Object {
                                        "color": "#6b6b6b",
                                        "fontSize": 24,
                                        "marginLeft": 16,
                                        "marginRight": 16,
                                        "paddingTop": 2,
                                      },
                                    ],
                                    Object {
                                      "fontFamily": "anticon",
                                      "fontStyle": "normal",
                                      "fontWeight": "normal",
                                    },
                                    Object {},
                                  ]
                                }
                                type="AntDesign"
                              >
                                
                              </Text>
                              <Text
                                style={
                                  Object {
                                    "backgroundColor": "transparent",
                                    "color": "#6b6b6b",
                                    "fontFamily": "System",
                                    "fontSize": 14,
                                    "lineHeight": 16,
                                    "marginLeft": 0,
                                    "marginRight": 0,
                                    "paddingLeft": 16,
                                    "paddingRight": 16,
                                  }
                                }
                                uppercase={false}
                              >
                                Send
                              </Text>
                            </TouchableOpacity>
                          </View>
                        </View>
                      </View>
                    </View>
                  </View>
                </View>
              </View>
            </View>
          </View>
        </View>
      </View>
      <View
        pointerEvents="box-none"
        style={
          Object {
            "left": 0,
            "position": "absolute",
            "right": 0,
            "top": 0,
          }
        }
      >
        <View
          accessibilityElementsHidden={false}
          importantForAccessibility="auto"
          pointerEvents="box-none"
          style={null}
        >
          <View
            pointerEvents="none"
            style={
              Object {
                "bottom": 0,
                "left": 0,
                "opacity": 1,
                "position": "absolute",
                "right": 0,
                "top": 0,
              }
            }
          >
            <View
              style={
                Object {
                  "backgroundColor": "rgb(255, 255, 255)",
                  "borderBottomColor": "rgb(199, 199, 204)",
                  "flex": 1,
                  "shadowColor": "rgb(199, 199, 204)",
                  "shadowOffset": Object {
                    "height": 0.5,
                    "width": 0,
                  },
                  "shadowOpacity": 0.85,
                  "shadowRadius": 0,
                }
              }
            />
          </View>
          <View
            pointerEvents="box-none"
            style={
              Object {
                "height": 64,
                "maxHeight": undefined,
                "minHeight": undefined,
                "opacity": undefined,
                "transform": undefined,
              }
            }
          >
            <View
              pointerEvents="none"
              style={
                Object {
                  "height": 20,
                }
              }
            />
            <View
              pointerEvents="box-none"
              style={
                Object {
                  "alignItems": "center",
                  "flex": 1,
                  "flexDirection": "row",
                  "justifyContent": "center",
                }
              }
            >
              <View
                pointerEvents="box-none"
                style={
                  Object {
                    "marginHorizontal": 18,
                    "opacity": 1,
                  }
                }
              >
                <Text
                  accessibilityRole="header"
                  numberOfLines={1}
                  style={
                    Object {
                      "color": "rgb(28, 28, 30)",
                      "fontSize": 17,
                      "fontWeight": "600",
                    }
                  }
                >
                  a
                </Text>
              </View>
            </View>
          </View>
        </View>
      </View>
    </RNCSafeAreaView>
  </View>
</View>
`;
