// Jest Snapshot v1, https://goo.gl/fbAQLP

exports[`renders correctly 1`] = `
<View
  collapsable={true}
  pointerEvents="box-none"
  style={
    Object {
      "flex": 1,
    }
  }
>
  <View
    style={
      Object {
        "bottom": 0,
        "left": 0,
        "position": "absolute",
        "right": 0,
        "top": 0,
      }
    }
  >
    <Text
      allowFontScaling={false}
      style={
        Array [
          Object {
            "color": undefined,
            "fontSize": 12,
          },
          Array [
            Object {
              "color": "#000",
              "fontSize": 30,
            },
            Object {
              "color": "#000",
              "fontSize": 30,
            },
            Object {
              "bottom": 8,
              "color": "#e5eaea",
              "fontSize": 26,
              "left": 8,
              "padding": 4,
              "position": "absolute",
            },
          ],
          Object {
            "fontFamily": "Ionicons",
            "fontStyle": "normal",
            "fontWeight": "normal",
          },
          Object {},
        ]
      }
      type="Ionicons"
    >
      
    </Text>
    <Text
      allowFontScaling={false}
      style={
        Array [
          Object {
            "color": undefined,
            "fontSize": 12,
          },
          Array [
            Object {
              "color": "#000",
              "fontSize": 30,
            },
            Object {
              "color": "#000",
              "fontSize": 30,
            },
            Object {
              "bottom": 8,
              "color": "#e5eaea",
              "fontSize": 26,
              "padding": 4,
              "position": "absolute",
              "right": 64,
            },
          ],
          Object {
            "fontFamily": "Material Design Icons",
            "fontStyle": "normal",
            "fontWeight": "normal",
          },
          Object {},
        ]
      }
      type="MaterialCommunityIcons"
    >
      
    </Text>
    <Text
      allowFontScaling={false}
      style={
        Array [
          Object {
            "color": undefined,
            "fontSize": 12,
          },
          Array [
            Object {
              "color": "#000",
              "fontSize": 30,
            },
            Object {
              "color": "#000",
              "fontSize": 30,
            },
            Object {
              "bottom": 8,
              "color": "#e5eaea",
              "fontSize": 26,
              "padding": 4,
              "position": "absolute",
              "right": 8,
            },
          ],
          Object {
            "fontFamily": "FontAwesome",
            "fontStyle": "normal",
            "fontWeight": "normal",
          },
          Object {},
        ]
      }
      type="FontAwesome"
    >
      
    </Text>
  </View>
</View>
`;
